<html>
<body>
<pre>
<h1>�Vision Build Log</h1>
<h2>Tool Versions:</h2>
IDE-Version: ��Vision V5.24.2.0
Copyright (C) 2017 ARM Ltd and ARM Germany GmbH. All rights reserved.
License Information: A Administrator, A, LIC=D0D7S-L3E6U-QDAKD-8KIPE-UMX3C-BU9JD
 
Tool Versions:
Toolchain:       MDK-ARM Plus  Version: 5.24.1
Toolchain Path:  D:\edge_download\STM32\Keil_v5\ARM\ARMCC\Bin
C Compiler:      Armcc.exe V5.06 update 5 (build 528)
Assembler:       Armasm.exe V5.06 update 5 (build 528)
Linker/Locator:  ArmLink.exe V5.06 update 5 (build 528)
Library Manager: ArmAr.exe V5.06 update 5 (build 528)
Hex Converter:   FromElf.exe V5.06 update 5 (build 528)
CPU DLL:         SARMCM3.DLL V5.24.1
Dialog DLL:      DCM.DLL V1.16.0.0
Target DLL:      STLink\ST-LINKIII-KEIL_SWO.dll V3.0.1.0
Dialog DLL:      TCM.DLL V1.32.0.0
 
<h2>Project:</h2>
D:\edge_download\STM32\prj\04FreeRTOS\watch\F103-FreeRTOS-watch\MDK-ARM\01_freertos_template.uvprojx
Project File Date:  11/03/2025

<h2>Output:</h2>
*** Using Compiler 'V5.06 update 5 (build 528)', folder: 'D:\edge_download\STM32\Keil_v5\ARM\ARMCC\Bin'
Build target '01_freertos_template'
compiling ShowMenu.c...
..\mytask\ShowMenu.h(15): warning:  #1-D: last line of file ends without a newline
  #endif
..\mytask\ShowMenu.c(26): warning:  #68-D: integer conversion resulted in a change of sign
  int8_t R_move_pos[5] = {-1, 9, 49, 89, 129};// 存储 5 个应用对应的水平（X）目标位置，用于导航切换时的图标移动动画
..\mytask\ShowMenu.c: 2 warnings, 0 errors
linking...
Program Size: Code=16300 RO-data=2772 RW-data=1056 ZI-data=5456  
FromELF: creating hex file...
"01_freertos_template\01_freertos_template.axf" - 0 Error(s), 2 Warning(s).

<h2>Software Packages used:</h2>

Package Vendor: ARM
                http://www.keil.com/pack/ARM.CMSIS.5.0.1.pack
                ARM.CMSIS.5.0.1
                CMSIS (Cortex Microcontroller Software Interface Standard)
   * Component: CORE Version: 5.0.1

Package Vendor: Keil
                http://www.keil.com/pack/Keil.STM32F1xx_DFP.2.2.0.pack
                Keil.STM32F1xx_DFP.2.2.0
                STMicroelectronics STM32F1 Series Device Support, Drivers and Examples

<h2>Collection of Component include folders:</h2>
  .\RTE\_01_freertos_template
  D:\edge_download\STM32\Keil_v5\ARM\PACK\ARM\CMSIS\5.0.1\CMSIS\Include
  D:\edge_download\STM32\Keil_v5\ARM\PACK\Keil\STM32F1xx_DFP\2.2.0\Device\Include

<h2>Collection of Component Files used:</h2>

   * Component: ARM::CMSIS:CORE:5.0.1
Build Time Elapsed:  00:00:01
</pre>
</body>
</html>
